// Jest Snapshot v1, https://goo.gl/fbAQLP

exports[`Cell snapshot renders 1`] = `
<div
  className="cell"
  id="cell"
/>
`;
