// Jest Snapshot v1, https://goo.gl/fbAQLP

exports[`Schedule snapshot renders 1`] = `
<div>
  <ul>
    <li>
      6/5 @ Evergreens
    </li>
    <li>
      6/8 vs Kickers
    </li>
    <li>
      6/14 @ United
    </li>
  </ul>
</div>
`;
