// Jest Snapshot v1, https://goo.gl/fbAQLP

exports[`Posts snapshot renders 1`] = `
<div>
  <div />
</div>
`;
