// Jest Snapshot v1, https://goo.gl/fbAQLP

exports[`Row snapshot renders 1`] = `
<div
  className="row"
>
  <div
    className="cell"
    id="cell"
  />
  <div
    className="cell"
    id="cell"
  />
  <div
    className="cell"
    id="cell"
  />
</div>
`;
